app_06  ordinary     gov=SAGA_STATE_COMPENSATED steps={'intake': 'ran', 'underwrite': 'ran', 'disburse': 'ran', 'notify': 'failed'} paid=499900 plain_paid=499900 truth=499900
app_07  ordinary     gov=SAGA_STATE_COMPENSATED steps={'intake': 'ran', 'underwrite': 'ran', 'disburse': 'ran', 'notify': 'failed'} paid=500000 plain_paid=500000 truth=500000
app_08  ordinary     gov=SAGA_STATE_COMPENSATED steps={'intake': 'ran', 'underwrite': 'ran', 'disburse': 'ran', 'notify': 'failed'} paid=180000 plain_paid=180000 truth=180000
app_09  ordinary     gov=SAGA_STATE_COMPENSATED steps={'intake': 'ran', 'underwrite': 'ran', 'disburse': 'ran', 'notify': 'failed'} paid=200000 plain_paid=200000 truth=200000
app_10  ordinary     gov=SAGA_STATE_COMPENSATED steps={'intake': 'ran', 'underwrite': 'ran', 'disburse': 'ran', 'notify': 'failed'} paid=95000 plain_paid=95000 truth=95000
{
 "applications": 5,
 "model_approved": 5,
 "model_approved_over_mandate_by_declared": 0,
 "model_approved_over_mandate_by_truth": 0,
 "plain_disbursed": 5,
 "plain_disbursed_over_mandate_declared": 0,
 "plain_disbursed_over_mandate_truth": 0,
 "plain_disbursed_wrong_amount": 0,
 "governed_disbursed": 5,
 "governed_disbursed_over_mandate_declared": 0,
 "governed_disbursed_over_mandate_truth": 0,
 "governed_disbursed_wrong_amount": 0,
 "extraction_exact_on_labelled_amounts": "5/5",
 "extraction_correctly_null": "0/0",
 "intake_refused_by_harness": 0,
 "model_approved_wrong_amount": 0,
 "parse_status": {
  "UNWRAPPED": 10
 },
 "janus_per_saga": {
  "median_ms": 99.9,
  "p95_ms": 107.0,
  "max_ms": 110.0
 },
 "model_per_saga": {
  "median_ms": 1309.8,
  "p95_ms": 1582.0,
  "max_ms": 8027.5
 },
 "gate_wait_per_saga": {
  "median_ms": 50.8,
  "p95_ms": 51.5,
  "max_ms": 54.8
 },
 "variance": {},
 "variance_sagas": 0,
 "model": "gemma4:31b-cloud",
 "condition": "A",
 "temperature": 0.7,
 "ledger_entries": 10,
 "notify_failures_injected": [
  "app_06",
  "app_07",
  "app_08",
  "app_09",
  "app_10"
 ],
 "refunds_executed": 5,
 "sagas_compensated_after_payment": 5
}
